
> FocusFlow@0.0.1 test:windows
> jest --config jest.config.windows.js

node.exe : PASS __tests__/App.test.tsx
At line:1 char:1
+ & "C:\Program Files\nodejs/node.exe" "C:\Program Files\nodejs/node_mo ...
+ ~~~~~~~~~~~~~~~~~~~~~~~~~~~~~~~~~~~~~~~~~~~~~~~~~~~~~~~~~~~~~~~~~~~~~
    + CategoryInfo          : NotSpecified: (PASS __tests__/App.test.tsx:String) [], RemoteException
    + FullyQualifiedErrorId : NativeCommandError
 
  FocusFlow navigation shell
    ΓêÜ TC_NAV_01 displays the Tasks screen by default (140 ms)
    ΓêÜ TC_NAV_02 selecting Focus Session displays the Focus Session screen (10 ms)
    ΓêÜ TC_NAV_03 selecting Statistics displays the Statistics screen (7 ms)
    ΓêÜ TC_NAV_04 selecting Goals displays the Goals screen (8 ms)
    ΓêÜ TC_NAV_05 selecting Settings displays the Settings screen (8 ms)
    ΓêÜ TC_NAV_06 marks the selected sidebar item as active (13 ms)

Test Suites: 1 passed, 1 total
Tests:       6 passed, 6 total
Snapshots:   0 total
Time:        1.269 s, estimated 2 s
Ran all test suites.
